// Jest Snapshot v1, https://goo.gl/fbAQLP

exports[`Connected Site Menu should render the site menu in connected state 1`] = `
<div>
  <button
    class="flex flex-row items-center justify-center bg-default multichain-connected-site-menu rounded-lg"
    data-testid="connection-menu"
    type="button"
  >
    <span
      class="mm-box mm-icon mm-icon--size-lg mm-box--display-inline-block mm-box--color-icon-default"
      style="mask-image: url('./images/icons/global.svg');"
    />
  </button>
</div>
`;

exports[`Connected Site Menu should render the site menu in not connected state 1`] = `
<div>
  <button
    class="flex flex-row items-center justify-center bg-default multichain-connected-site-menu rounded-lg"
    data-testid="connection-menu"
    type="button"
  >
    <span
      class="mm-box mm-icon mm-icon--size-lg mm-box--display-inline-block mm-box--color-icon-default"
      style="mask-image: url('./images/icons/global.svg');"
    />
  </button>
</div>
`;

exports[`Connected Site Menu should render the site menu in not connected to current account state 1`] = `
<div>
  <button
    class="flex flex-row items-center justify-center bg-default multichain-connected-site-menu rounded-lg"
    data-testid="connection-menu"
    type="button"
  >
    <span
      class="mm-box mm-icon mm-icon--size-lg mm-box--display-inline-block mm-box--color-icon-default"
      style="mask-image: url('./images/icons/global.svg');"
    />
  </button>
</div>
`;
